// Jest Snapshot v1, https://goo.gl/fbAQLP

exports[`renders ok 1`] = `
<div>
  <form
    onSubmit={[Function]}
  >
    <input
      name="aaaa"
      onChange={[Function]}
      type="number"
    />
    <input
      name="bbbb"
      onChange={[Function]}
      type="number"
    />
    <input
      onClick={[Function]}
      type="submit"
    />
  </form>
  <h2 />
</div>
`;
